// Jest Snapshot v1, https://goo.gl/fbAQLP

exports[`<ProgressBar> Given className and percent (TestRenderer) then renders snapshot Clock  1`] = `
<div
  className="progress-bar inactive"
>
  <div
    style={
      Object {
        "width": "90%",
      }
    }
  />
</div>
`;
